// Vitest Snapshot v1, https://vitest.dev/guide/snapshot.html

exports[`blog pages > renders home, free article, paid article, about, contact and index (snapshots) > about 1`] = `
"<!doctype html>
<html lang="en"><head><meta charset="utf-8"><meta name="viewport" content="width=device-width,initial-scale=1">
<title>About · Load Factor</title><link rel="stylesheet" href="/w/site.css"></head>
<body><nav><a class="name" href="/w/load-factor/">Load Factor</a><div class="mid"><a href="/w/load-factor/">Blogs</a><a href="/w/load-factor/about">About</a></div><div class="right"><a href="/w/load-factor/contact">Contact</a></div></nav><main><h1>About</h1><p>A fictional semiconductor trade masthead.</p><p class="note">loadfactor.example · masthead</p>
<h2>Writers</h2><ul class="rows"><li><strong>Ken Ito</strong><span>Covers foundry capacity.</span></li><li><strong>Sara Lim</strong><span>Covers chip deals.</span></li></ul>
<h2>Price list</h2><dl><dt>standard</dt><dd>S$0.60</dd></dl>
<h2>Licence</h2><p>Quote up to 40 words, with citation.</p><h2>Wallet</h2><p><a href="https://testnet.xrpl.org/accounts/rJvuTmj1ZRPtvW8WStHpBQx1Jqz9b6KkUp" rel="noopener">rJvuTmj1ZRPtvW8WStHpBQx1Jqz9b6KkUp</a><br><span class="note">XRPL Testnet, no real funds.</span></p></main>
<footer><span>SYNTHETIC · fictional writer. Nothing here is real reporting.</span><a href="/w/">The web the engine searches</a></footer></body></html>
"
`;

exports[`blog pages > renders home, free article, paid article, about, contact and index (snapshots) > contact 1`] = `
"<!doctype html>
<html lang="en"><head><meta charset="utf-8"><meta name="viewport" content="width=device-width,initial-scale=1">
<title>Contact · Load Factor</title><link rel="stylesheet" href="/w/site.css"></head>
<body><nav><a class="name" href="/w/load-factor/">Load Factor</a><div class="mid"><a href="/w/load-factor/">Blogs</a><a href="/w/load-factor/about">About</a></div><div class="right"><a href="/w/load-factor/contact">Contact</a></div></nav><main><h1>Contact</h1><p class="note">This is a synthetic publication. There is no inbox behind this page.</p></main>
<footer><span>SYNTHETIC · fictional writer. Nothing here is real reporting.</span><a href="/w/">The web the engine searches</a></footer></body></html>
"
`;

exports[`blog pages > renders home, free article, paid article, about, contact and index (snapshots) > free 1`] = `
"<!doctype html>
<html lang="en"><head><meta charset="utf-8"><meta name="viewport" content="width=device-width,initial-scale=1">
<title>Kestrel deal, briefly</title><link rel="stylesheet" href="/w/site.css"></head>
<body><nav><a class="name" href="/w/load-factor/">Load Factor</a><div class="mid"><a href="/w/load-factor/">Blogs</a><a href="/w/load-factor/about">About</a></div><div class="right"><a href="/w/load-factor/contact">Contact</a></div></nav><main><div class="kicker">Latest Post</div><h1>Kestrel deal, briefly</h1><p class="by">By Ken Ito · <time datetime="2026-10-01">2026-10-01</time></p><p id="p-lf-kestrel-rewrite-p1">Kestrel has a new multi-year wafer arrangement with TSMC.</p><p id="p-lf-kestrel-rewrite-p2">The headline volume is large for a young fabless firm.</p><p id="p-lf-kestrel-rewrite-p3">Margins and capex figures were also disclosed.</p><p id="p-lf-kestrel-rewrite-p4">Packaging remains the thing to watch.</p></main>
<footer><span>SYNTHETIC · fictional writer. Nothing here is real reporting.</span><a href="/w/">The web the engine searches</a></footer></body></html>
"
`;

exports[`blog pages > renders home, free article, paid article, about, contact and index (snapshots) > home 1`] = `
"<!doctype html>
<html lang="en"><head><meta charset="utf-8"><meta name="viewport" content="width=device-width,initial-scale=1">
<title>Load Factor</title><link rel="stylesheet" href="/w/site.css"></head>
<body><nav><a class="name" href="/w/load-factor/">Load Factor</a><div class="mid"><a href="/w/load-factor/">Blogs</a><a href="/w/load-factor/about">About</a></div><div class="right"><a href="/w/load-factor/contact">Contact</a></div></nav><main><p class="hero">Supply chains, measured in wafers.</p><ul class="rows"><li><time datetime="2026-10-01">2026-10-01</time><span><a href="/w/load-factor/blog/lf-kestrel-rewrite">Kestrel deal, briefly</a></span></li><li><time datetime="2026-09-30">2026-09-30</time><span><a href="/w/load-factor/blog/lf-kestrel-tsmc-deal">Inside Kestrel and TSMC</a><span class="tag">402 · S$0.60</span></span></li><li><time datetime="2026-08-14">2026-08-14</time><span><a href="/w/load-factor/blog/lf-n3-capacity">N3 capacity is tight</a></span></li></ul></main>
<footer><span>SYNTHETIC · fictional writer. Nothing here is real reporting.</span><a href="/w/">The web the engine searches</a></footer></body></html>
"
`;

exports[`blog pages > renders home, free article, paid article, about, contact and index (snapshots) > index 1`] = `
"<!doctype html>
<html lang="en"><head><meta charset="utf-8"><meta name="viewport" content="width=device-width,initial-scale=1">
<title>The web the engine searches</title><link rel="stylesheet" href="/w/site.css"></head>
<body><nav><a class="name" href="/w/">The web the engine searches</a><div class="mid"></div><div class="right"></div></nav><main><h1>The web the engine searches</h1><p class="note">Every publisher the research agent can search. All fictional.</p><ul class="rows"><li><span><a href="/w/load-factor/">Load Factor</a><br><span class="note">loadfactor.example · masthead · free + paid · 2 writers</span></span></li><li><span><a href="/w/mira-tan/">Mira Tan</a><br><span class="note">miratan.example · independent · free · 1 writer</span></span></li><li><span><a href="/w/open-records/">Open Records</a><br><span class="note">openrecords.example · records · free · 1 writer</span></span></li></ul></main>
<footer><span>SYNTHETIC · fictional writer. Nothing here is real reporting.</span><a href="/w/">The web the engine searches</a></footer></body></html>
"
`;

exports[`blog pages > renders home, free article, paid article, about, contact and index (snapshots) > paid 1`] = `
"<!doctype html>
<html lang="en"><head><meta charset="utf-8"><meta name="viewport" content="width=device-width,initial-scale=1">
<title>Inside Kestrel and TSMC</title><link rel="stylesheet" href="/w/site.css"></head>
<body><nav><a class="name" href="/w/load-factor/">Load Factor</a><div class="mid"><a href="/w/load-factor/">Blogs</a><a href="/w/load-factor/about">About</a></div><div class="right"><a href="/w/load-factor/contact">Contact</a></div></nav><main><div class="kicker">Latest Post</div><h1>Inside Kestrel and TSMC</h1><p class="by">By Sara Lim · <time datetime="2026-09-30">2026-09-30</time></p><p class="abstract">What the fictional Kestrel supply agreement means for N3 allocation next year.</p><div class="badge">402 · agents pay S$0.60 · XRPL Testnet</div><p class="note">The full text is sold to agents, per article, over x402. This page shows the abstract only.</p></main>
<footer><span>SYNTHETIC · fictional writer. Nothing here is real reporting.</span><a href="/w/">The web the engine searches</a></footer></body></html>
"
`;
